// Jest Snapshot v1, https://goo.gl/fbAQLP

exports[`<App> App component renders correctly 1`] = `
<div
  className="App"
>
  <header
    className="App-header"
  >
    <img
      alt="Elder Scrolls Legends"
      className="App-logo"
      src="/logo.png"
    />
  </header>
  <div
    className="search"
  >
    <div
      className="MuiPaper-root ForwardRef-root-1 MuiPaper-elevation1 MuiPaper-rounded"
      style={null}
    >
      <div
        className="ForwardRef-searchContainer-7"
      >
        <div
          className="MuiInputBase-root MuiInput-root ForwardRef-input-6 MuiInputBase-fullWidth MuiInput-fullWidth"
          onClick={[Function]}
        >
          <input
            className="MuiInputBase-input MuiInput-input"
            disabled={false}
            onAnimationStart={[Function]}
            onBlur={[Function]}
            onChange={[Function]}
            onFocus={[Function]}
            onKeyUp={[Function]}
            placeholder="Search"
            type="text"
            value=""
          />
        </div>
      </div>
      <button
        className="MuiButtonBase-root MuiIconButton-root ForwardRef-iconButton-2 ForwardRef-searchIconButton-4"
        disabled={false}
        onBlur={[Function]}
        onClick={[Function]}
        onDragLeave={[Function]}
        onFocus={[Function]}
        onKeyDown={[Function]}
        onKeyUp={[Function]}
        onMouseDown={[Function]}
        onMouseLeave={[Function]}
        onMouseUp={[Function]}
        onTouchEnd={[Function]}
        onTouchMove={[Function]}
        onTouchStart={[Function]}
        tabIndex={0}
        type="button"
      >
        <span
          className="MuiIconButton-label"
        >
          <svg
            aria-hidden={true}
            className="MuiSvgIcon-root ForwardRef-icon-5"
            focusable="false"
            viewBox="0 0 24 24"
          >
            <path
              d="M15.5 14h-.79l-.28-.27C15.41 12.59 16 11.11 16 9.5 16 5.91 13.09 3 9.5 3S3 5.91 3 9.5 5.91 16 9.5 16c1.61 0 3.09-.59 4.23-1.57l.27.28v.79l5 4.99L20.49 19l-4.99-5zm-6 0C7.01 14 5 11.99 5 9.5S7.01 5 9.5 5 14 7.01 14 9.5 11.99 14 9.5 14z"
            />
          </svg>
        </span>
      </button>
      <button
        className="MuiButtonBase-root MuiIconButton-root ForwardRef-iconButton-2 ForwardRef-iconButtonHidden-3"
        disabled={false}
        onBlur={[Function]}
        onClick={[Function]}
        onDragLeave={[Function]}
        onFocus={[Function]}
        onKeyDown={[Function]}
        onKeyUp={[Function]}
        onMouseDown={[Function]}
        onMouseLeave={[Function]}
        onMouseUp={[Function]}
        onTouchEnd={[Function]}
        onTouchMove={[Function]}
        onTouchStart={[Function]}
        tabIndex={0}
        type="button"
      >
        <span
          className="MuiIconButton-label"
        >
          <svg
            aria-hidden={true}
            className="MuiSvgIcon-root ForwardRef-icon-5"
            focusable="false"
            viewBox="0 0 24 24"
          >
            <path
              d="M19 6.41L17.59 5 12 10.59 6.41 5 5 6.41 10.59 12 5 17.59 6.41 19 12 13.41 17.59 19 19 17.59 13.41 12z"
            />
          </svg>
        </span>
      </button>
    </div>
    <div
      className="search-message"
    >
      
    </div>
  </div>
  <div
    className="cards-container"
  >
    <div
      className="infinite-scroll-component__outerdiv"
      style={Object {}}
    >
      <div
        className="infinite-scroll-component cards"
        style={
          Object {
            "WebkitOverflowScrolling": "touch",
            "height": "auto",
            "overflow": "auto",
          }
        }
      >
        <div
          className="loader"
        >
          <div
            className="MuiCircularProgress-root MuiCircularProgress-indeterminate"
            role="progressbar"
            style={
              Object {
                "height": 40,
                "width": 40,
              }
            }
          >
            <svg
              className="MuiCircularProgress-svg"
              viewBox="22 22 44 44"
            >
              <circle
                className="MuiCircularProgress-circle MuiCircularProgress-circleIndeterminate"
                cx={44}
                cy={44}
                fill="none"
                r={20.2}
                strokeWidth={3.6}
                style={Object {}}
              />
            </svg>
          </div>
          <p>
            Loading...
          </p>
        </div>
      </div>
    </div>
  </div>
  <div
    className="footer"
  >
    © 
    2020
     The Elder Scrolls Legends™. All rights reserved
  </div>
</div>
`;
